// Jest Snapshot v1, https://goo.gl/fbAQLP

exports[`ViewSelector should render ViewSelector correctly 1`] = `
<div>
  <div
    class="group/sidebar-wrapper flex min-h-svh w-full has-[[data-variant=inset]]:bg-sidebar"
    style="--sidebar-width: 16rem; --sidebar-width-icon: 3rem;"
  >
    <script
      nonce=""
    >
      ((e,s,n,m,o,l,u,h)=&gt;{let c=document.documentElement,T=["light","dark"];function p(d){(Array.isArray(e)?e:[e]).forEach(g=&gt;{let k=g==="class",S=k&&l?o.map(f=&gt;l[f]||f):o;k?(c.classList.remove(...S),c.classList.add(d)):c.setAttribute(g,d)}),C(d)}function C(d){h&&T.includes(d)&&(c.style.colorScheme=d)}function a(){return window.matchMedia("(prefers-color-scheme: dark)").matches?"dark":"light"}if(m)p(m);else try{let d=localStorage.getItem(s)||n,g=u&&d==="system"?a():d;p(g)}catch(d){}})("class","theme","system",null,["light","dark"],null,true,true)
    </script>
    <div
      class="grid gap-2"
    >
      <label
        class="text-sm font-medium leading-none peer-disabled:cursor-not-allowed peer-disabled:opacity-70"
      >
        View
      </label>
      <div
        data-testid="radio-group"
        data-value="default"
      >
        <div
          data-state="closed"
        >
          <input
            data-testid="radio-item"
            id="compact"
            type="radio"
            value="compact"
          />
          <label
            class="text-sm font-medium leading-none peer-disabled:cursor-not-allowed peer-disabled:opacity-70 flex cursor-pointer flex-col items-center justify-between rounded-md border-2 border-muted bg-popover p-4 transition-colors hover:bg-accent hover:text-accent-foreground"
            for="compact"
          >
            <div
              class="grid w-full gap-1 text-center"
            >
              <div
                class="space-y-2"
              >
                <div
                  class="mx-auto h-6 w-8/12 rounded-md bg-muted"
                />
              </div>
            </div>
            <span
              class="mt-2 block w-full text-center text-sm font-normal"
            >
              Compact
            </span>
          </label>
        </div>
        <div
          data-state="closed"
        >
          <input
            data-testid="radio-item"
            id="default"
            type="radio"
            value="default"
          />
          <label
            class="text-sm font-medium leading-none peer-disabled:cursor-not-allowed peer-disabled:opacity-70 flex cursor-pointer flex-col items-center justify-between rounded-md border-2 bg-popover p-4 transition-colors hover:bg-accent hover:text-accent-foreground border-primary"
            for="default"
          >
            <div
              class="grid w-full gap-1"
            >
              <div
                class="space-y-2"
              >
                <div
                  class="h-2 w-full rounded-md bg-muted"
                />
                <div
                  class="h-1 w-full rounded-md bg-muted"
                />
              </div>
            </div>
            <span
              class="mt-2 block w-full text-center text-sm font-normal"
            >
              Default
            </span>
          </label>
        </div>
      </div>
    </div>
    <div
      class="fixed bottom-4 right-4 z-50 flex items-center gap-2 rounded-lg bg-background/80 p-2 shadow-sm backdrop-blur-sm"
    />
    <div
      aria-label="Notifications (F8)"
      role="region"
      style="pointer-events: none;"
      tabindex="-1"
    >
      <ol
        class="fixed top-0 z-[100] flex max-h-screen w-full flex-col-reverse p-4 sm:bottom-0 sm:right-0 sm:top-auto sm:flex-col md:max-w-[420px]"
        tabindex="-1"
      />
    </div>
  </div>
</div>
`;
